// Jest Snapshot v1, https://goo.gl/fbAQLP

exports[`History renders correctly 1`] = `
<View
  style={
    Object {
      "alignItems": "center",
      "flex": 1,
      "justifyContent": "center",
      "padding": 10,
    }
  }
>
  <Text
    style={
      Object {
        "fontFamily": "Lobster-Regular",
        "fontSize": 50,
      }
    }
  >
    Oups...
  </Text>
  <Text
    style={
      Object {
        "textAlign": "center",
      }
    }
  >
    Vous n'avez pas encore scanné de produit ! Commencez par scanner un produit depuis l'écran d'accueil. Vous retrouverez tous vos scans ici !
  </Text>
</View>
`;

exports[`Profile renders correctly 1`] = `
<RCTScrollView>
  <View>
    <View>
      <ActivityIndicator
        animating={true}
        color="#999999"
        hidesWhenStopped={true}
        size="large"
      />
    </View>
  </View>
</RCTScrollView>
`;
