// Jest Snapshot v1, https://goo.gl/fbAQLP

exports[`Parsing should parse things right 1`] = `Object {}`;
